160
160
160
160
160
160
160
160

160
80
80
80
80
80
80
80

160
32
32
32
32
32
32
32