0
0
0
0
0
0
0
100
101
102
103
104
105
106
255
255
255
255
255
255
255
0
10