0
0
0
0
1000
1001
1002
1003
65535
65535
65535
65535
1
2