65518
65534
8
7
6
5
4
3
2
1

65528
65534
5
6
3
4
1
2