0b00000000
0b00000111
0b11000000
0b10101010
0b01010101
0b10100101
0b01011010
0b11111111

128
64
0